Value in the stack: 0
Value in the stack: 1
Value in the stack: 2
Value in the stack: 3
Value in the stack: 4
Value in the stack: 5
Value in the stack: 6
Value in the stack: 7
Value in the stack: 8
Value in the stack: 9
Value in the stack: 10
Value in the stack: 11
Value in the stack: 12
Value in the stack: 13
Value in the stack: 14
Value in the stack: 15
Value in the stack: 16
Value in the stack: 17
Value in the stack: 18
Value in the stack: 19
Value in the stack: 20
Value in the stack: 21
Value in the stack: 22
Value in the stack: 23
Value in the stack: 24
Value in the stack: 25
Value in the stack: 26
Value in the stack: 27
Value in the stack: 28
Value in the stack: 29
Value in the stack: 30
Value in the stack: 31
Value in the stack: 32
Value in the stack: 33
Value in the stack: 34
Value in the stack: 35
Value in the stack: 36
Value in the stack: 37
Value in the stack: 38
Value in the stack: 39
Value in the stack: 40
Value in the stack: 41
Value in the stack: 42
Value in the stack: 43
Value in the stack: 44
Value in the stack: 45
Value in the stack: 46
Value in the stack: 47
Value in the stack: 48
Value in the stack: 49
Value in the stack: 50
Value in the stack: 51
Value in the stack: 52
Value in the stack: 53
Value in the stack: 54
Value in the stack: 55
Value in the stack: 56
Value in the stack: 57
Value in the stack: 58
Value in the stack: 59
Value in the stack: 60
Value in the stack: 61
Value in the stack: 62
Value in the stack: 63
Value in the stack: 64
Value in the stack: 65
Value in the stack: 66
Value in the stack: 67
Value in the stack: 68
Value in the stack: 69
Value in the stack: 70
Value in the stack: 71
Value in the stack: 72
Value in the stack: 73
Value in the stack: 74
Value in the stack: 75
Value in the stack: 76
Value in the stack: 77
Value in the stack: 78
Value in the stack: 79
Value in the stack: 80
Value in the stack: 81
Value in the stack: 82
Value in the stack: 83
Value in the stack: 84
Value in the stack: 85
Value in the stack: 86
Value in the stack: 87
Value in the stack: 88
Value in the stack: 89
Value in the stack: 90
Value in the stack: 91
Value in the stack: 92
Value in the stack: 93
Value in the stack: 94
Value in the stack: 95
Value in the stack: 96
Value in the stack: 97
Value in the stack: 98
Value in the stack: 99
Value in the stack: 99
Value in the stack: 98
Value in the stack: 97
Value in the stack: 96
Value in the stack: 95
Value in the stack: 94
Value in the stack: 93
Value in the stack: 92
Value in the stack: 91
Value in the stack: 90
Value in the stack: 89
Value in the stack: 88
Value in the stack: 87
Value in the stack: 86
Value in the stack: 85
Value in the stack: 84
Value in the stack: 83
Value in the stack: 82
Value in the stack: 81
Value in the stack: 80
Value in the stack: 79
Value in the stack: 78
Value in the stack: 77
Value in the stack: 76
Value in the stack: 75
Value in the stack: 74
Value in the stack: 73
Value in the stack: 72
Value in the stack: 71
Value in the stack: 70
Value in the stack: 69
Value in the stack: 68
Value in the stack: 67
Value in the stack: 66
Value in the stack: 65
Value in the stack: 64
Value in the stack: 63
Value in the stack: 62
Value in the stack: 61
Value in the stack: 60
Value in the stack: 59
Value in the stack: 58
Value in the stack: 57
Value in the stack: 56
Value in the stack: 55
Value in the stack: 54
Value in the stack: 53
Value in the stack: 52
Value in the stack: 51
Value in the stack: 50
Value in the stack: 49
Value in the stack: 48
Value in the stack: 47
Value in the stack: 46
Value in the stack: 45
Value in the stack: 44
Value in the stack: 43
Value in the stack: 42
Value in the stack: 41
Value in the stack: 40
Value in the stack: 39
Value in the stack: 38
Value in the stack: 37
Value in the stack: 36
Value in the stack: 35
Value in the stack: 34
Value in the stack: 33
Value in the stack: 32
Value in the stack: 31
Value in the stack: 30
Value in the stack: 29
Value in the stack: 28
Value in the stack: 27
Value in the stack: 26
Value in the stack: 25
Value in the stack: 24
Value in the stack: 23
Value in the stack: 22
Value in the stack: 21
Value in the stack: 20
Value in the stack: 19
Value in the stack: 18
Value in the stack: 17
Value in the stack: 16
Value in the stack: 15
Value in the stack: 14
Value in the stack: 13
Value in the stack: 12
Value in the stack: 11
Value in the stack: 10
Value in the stack: 9
Value in the stack: 8
Value in the stack: 7
Value in the stack: 6
Value in the stack: 5
Value in the stack: 4
Value in the stack: 3
Value in the stack: 2
Value in the stack: 1
Value in the stack: 0
